0 verbose cli C:\Program Files\nodejs\node.exe C:\Program Files\nodejs\node_modules\npm\bin\npm-cli.js
1 info using npm@11.17.0
2 info using node@v24.19.0
3 silly config load:file:C:\Program Files\nodejs\node_modules\npm\npmrc
4 silly config load:file:C:\Users\v_thi\OneDrive\Desktop\Medikiosk\medikiosk-frontend\.npmrc
5 silly config load:file:C:\Users\v_thi\.npmrc
6 silly config load:file:C:\Users\v_thi\AppData\Roaming\npm\etc\npmrc
7 verbose title npm ci
8 verbose argv "ci" "--cache" ".npm-cache" "--loglevel" "verbose"
9 verbose logfile logs-max:10 dir:C:\Users\v_thi\OneDrive\Desktop\Medikiosk\medikiosk-frontend\.npm-cache\_logs\2026-09-02T20_19_20_358Z-
10 verbose logfile C:\Users\v_thi\OneDrive\Desktop\Medikiosk\medikiosk-frontend\.npm-cache\_logs\2026-09-02T20_19_20_358Z-debug-0.log
11 silly logfile done cleaning log files
12 silly packumentCache heap:4496293888 maxSize:1124073472 maxEntrySize:562036736
13 silly packumentCache heap:4496293888 maxSize:1124073472 maxEntrySize:562036736
14 silly idealTree buildDeps
15 silly reify moves {}
16 silly audit bulk request {
16 silly audit   '@babel/code-frame': [ '7.29.7' ],
16 silly audit   '@babel/compat-data': [ '7.29.7' ],
16 silly audit   '@babel/core': [ '7.29.7' ],
16 silly audit   '@babel/generator': [ '7.29.8' ],
16 silly audit   '@babel/helper-compilation-targets': [ '7.29.7' ],
16 silly audit   '@babel/helper-globals': [ '7.29.7' ],
16 silly audit   '@babel/helper-module-imports': [ '7.29.7' ],
16 silly audit   '@babel/helper-module-transforms': [ '7.29.7' ],
16 silly audit   '@babel/helper-plugin-utils': [ '7.29.7' ],
16 silly audit   '@babel/helper-string-parser': [ '7.29.7' ],
16 silly audit   '@babel/helper-validator-identifier': [ '7.29.7' ],
16 silly audit   '@babel/helper-validator-option': [ '7.29.7' ],
16 silly audit   '@babel/helpers': [ '7.29.7' ],
16 silly audit   '@babel/parser': [ '7.29.8' ],
16 silly audit   '@babel/plugin-transform-react-jsx-self': [ '7.29.7' ],
16 silly audit   '@babel/plugin-transform-react-jsx-source': [ '7.29.7' ],
16 silly audit   '@babel/template': [ '7.29.7' ],
16 silly audit   '@babel/traverse': [ '7.29.8' ],
16 silly audit   '@babel/types': [ '7.29.8' ],
16 silly audit   '@esbuild/aix-ppc64': [ '0.25.12' ],
16 silly audit   '@esbuild/android-arm': [ '0.25.12' ],
16 silly audit   '@esbuild/android-arm64': [ '0.25.12' ],
16 silly audit   '@esbuild/android-x64': [ '0.25.12' ],
16 silly audit   '@esbuild/darwin-arm64': [ '0.25.12' ],
16 silly audit   '@esbuild/darwin-x64': [ '0.25.12' ],
16 silly audit   '@esbuild/freebsd-arm64': [ '0.25.12' ],
16 silly audit   '@esbuild/freebsd-x64': [ '0.25.12' ],
16 silly audit   '@esbuild/linux-arm': [ '0.25.12' ],
16 silly audit   '@esbuild/linux-arm64': [ '0.25.12' ],
16 silly audit   '@esbuild/linux-ia32': [ '0.25.12' ],
16 silly audit   '@esbuild/linux-loong64': [ '0.25.12' ],
16 silly audit   '@esbuild/linux-mips64el': [ '0.25.12' ],
16 silly audit   '@esbuild/linux-ppc64': [ '0.25.12' ],
16 silly audit   '@esbuild/linux-riscv64': [ '0.25.12' ],
16 silly audit   '@esbuild/linux-s390x': [ '0.25.12' ],
16 silly audit   '@esbuild/linux-x64': [ '0.25.12' ],
16 silly audit   '@esbuild/netbsd-arm64': [ '0.25.12' ],
16 silly audit   '@esbuild/netbsd-x64': [ '0.25.12' ],
16 silly audit   '@esbuild/openbsd-arm64': [ '0.25.12' ],
16 silly audit   '@esbuild/openbsd-x64': [ '0.25.12' ],
16 silly audit   '@esbuild/openharmony-arm64': [ '0.25.12' ],
16 silly audit   '@esbuild/sunos-x64': [ '0.25.12' ],
16 silly audit   '@esbuild/win32-arm64': [ '0.25.12' ],
16 silly audit   '@esbuild/win32-ia32': [ '0.25.12' ],
16 silly audit   '@esbuild/win32-x64': [ '0.25.12' ],
16 silly audit   '@jridgewell/gen-mapping': [ '0.3.13' ],
16 silly audit   '@jridgewell/remapping': [ '2.3.5' ],
16 silly audit   '@jridgewell/resolve-uri': [ '3.1.2' ],
16 silly audit   '@jridgewell/sourcemap-codec': [ '1.6.0' ],
16 silly audit   '@jridgewell/trace-mapping': [ '0.3.31' ],
16 silly audit   '@napi-rs/lzma-linux-x64-gnu': [ '1.5.1' ],
16 silly audit   '@rolldown/pluginutils': [ '1.0.0-beta.27' ],
16 silly audit   '@rollup/rollup-android-arm-eabi': [ '4.63.1' ],
16 silly audit   '@rollup/rollup-android-arm64': [ '4.63.1' ],
16 silly audit   '@rollup/rollup-darwin-arm64': [ '4.63.1' ],
16 silly audit   '@rollup/rollup-darwin-x64': [ '4.63.1' ],
16 silly audit   '@rollup/rollup-freebsd-arm64': [ '4.63.1' ],
16 silly audit   '@rollup/rollup-freebsd-x64': [ '4.63.1' ],
16 silly audit   '@rollup/rollup-linux-arm-gnueabihf': [ '4.63.1' ],
16 silly audit   '@rollup/rollup-linux-arm-musleabihf': [ '4.63.1' ],
16 silly audit   '@rollup/rollup-linux-arm64-gnu': [ '4.63.1' ],
16 silly audit   '@rollup/rollup-linux-arm64-musl': [ '4.63.1' ],
16 silly audit   '@rollup/rollup-linux-loong64-gnu': [ '4.63.1' ],
16 silly audit   '@rollup/rollup-linux-loong64-musl': [ '4.63.1' ],
16 silly audit   '@rollup/rollup-linux-ppc64-gnu': [ '4.63.1' ],
16 silly audit   '@rollup/rollup-linux-ppc64-musl': [ '4.63.1' ],
16 silly audit   '@rollup/rollup-linux-riscv64-gnu': [ '4.63.1' ],
16 silly audit   '@rollup/rollup-linux-riscv64-musl': [ '4.63.1' ],
16 silly audit   '@rollup/rollup-linux-s390x-gnu': [ '4.63.1' ],
16 silly audit   '@rollup/rollup-linux-x64-gnu': [ '4.63.1' ],
16 silly audit   '@rollup/rollup-linux-x64-musl': [ '4.63.1' ],
16 silly audit   '@rollup/rollup-openbsd-x64': [ '4.63.1' ],
16 silly audit   '@rollup/rollup-openharmony-arm64': [ '4.63.1' ],
16 silly audit   '@rollup/rollup-win32-arm64-msvc': [ '4.63.1' ],
16 silly audit   '@rollup/rollup-win32-ia32-msvc': [ '4.63.1' ],
16 silly audit   '@rollup/rollup-win32-x64-gnu': [ '4.63.1' ],
16 silly audit   '@rollup/rollup-win32-x64-msvc': [ '4.63.1' ],
16 silly audit   '@tailwindcss/node': [ '4.3.3' ],
16 silly audit   '@tailwindcss/oxide': [ '4.3.3' ],
16 silly audit   '@tailwindcss/oxide-android-arm64': [ '4.3.3' ],
16 silly audit   '@tailwindcss/oxide-darwin-arm64': [ '4.3.3' ],
16 silly audit   '@tailwindcss/oxide-darwin-x64': [ '4.3.3' ],
16 silly audit   '@tailwindcss/oxide-freebsd-x64': [ '4.3.3' ],
16 silly audit   '@tailwindcss/oxide-linux-arm-gnueabihf': [ '4.3.3' ],
16 silly audit   '@tailwindcss/oxide-linux-arm64-gnu': [ '4.3.3' ],
16 silly audit   '@tailwindcss/oxide-linux-arm64-musl': [ '4.3.3' ],
16 silly audit   '@tailwindcss/oxide-linux-x64-gnu': [ '4.3.3' ],
16 silly audit   '@tailwindcss/oxide-linux-x64-musl': [ '4.3.3' ],
16 silly audit   '@tailwindcss/oxide-wasm32-wasi': [ '4.3.3' ],
16 silly audit   '@tailwindcss/oxide-win32-arm64-msvc': [ '4.3.3' ],
16 silly audit   '@tailwindcss/oxide-win32-x64-msvc': [ '4.3.3' ],
16 silly audit   '@tailwindcss/vite': [ '4.3.3' ],
16 silly audit   '@types/babel__core': [ '7.20.5' ],
16 silly audit   '@types/babel__generator': [ '7.27.0' ],
16 silly audit   '@types/babel__template': [ '7.4.4' ],
16 silly audit   '@types/babel__traverse': [ '7.28.0' ],
16 silly audit   '@types/estree': [ '1.0.9' ],
16 silly audit   '@vitejs/plugin-react': [ '4.7.0' ],
16 silly audit   'baseline-browser-mapping': [ '2.11.20' ],
16 silly audit   browserslist: [ '4.28.8' ],
16 silly audit   'caniuse-lite': [ '1.0.30001810' ],
16 silly audit   'convert-source-map': [ '2.0.0' ],
16 silly audit   cookie: [ '1.1.1' ],
16 silly audit   debug: [ '4.4.3' ],
16 silly audit   'detect-libc': [ '2.1.2' ],
16 silly audit   'electron-to-chromium': [ '1.5.420' ],
16 silly audit   'enhanced-resolve': [ '5.24.5' ],
16 silly audit   esbuild: [ '0.25.12' ],
16 silly audit   escalade: [ '3.2.0' ],
16 silly audit   fdir: [ '6.5.0' ],
16 silly audit   fsevents: [ '2.3.3' ],
16 silly audit   gensync: [ '1.0.0-beta.2' ],
16 silly audit   'graceful-fs': [ '4.2.11' ],
16 silly audit   jiti: [ '2.7.0' ],
16 silly audit   'js-tokens': [ '4.0.0' ],
16 silly audit   jsesc: [ '3.1.0' ],
16 silly audit   json5: [ '2.2.3' ],
16 silly audit   lightningcss: [ '1.32.0' ],
16 silly audit   'lightningcss-android-arm64': [ '1.32.0' ],
16 silly audit   'lightningcss-darwin-arm64': [ '1.32.0' ],
16 silly audit   'lightningcss-darwin-x64': [ '1.32.0' ],
16 silly audit   'lightningcss-freebsd-x64': [ '1.32.0' ],
16 silly audit   'lightningcss-linux-arm-gnueabihf': [ '1.32.0' ],
16 silly audit   'lightningcss-linux-arm64-gnu': [ '1.32.0' ],
16 silly audit   'lightningcss-linux-arm64-musl': [ '1.32.0' ],
16 silly audit   'lightningcss-linux-x64-gnu': [ '1.32.0' ],
16 silly audit   'lightningcss-linux-x64-musl': [ '1.32.0' ],
16 silly audit   'lightningcss-win32-arm64-msvc': [ '1.32.0' ],
16 silly audit   'lightningcss-win32-x64-msvc': [ '1.32.0' ],
16 silly audit   'lru-cache': [ '5.1.1' ],
16 silly audit   'magic-string': [ '0.30.21' ],
16 silly audit   ms: [ '2.1.3' ],
16 silly audit   nanoid: [ '3.3.18' ],
16 silly audit   'node-releases': [ '2.0.54' ],
16 silly audit   picocolors: [ '1.1.1' ],
16 silly audit   picomatch: [ '4.0.7' ],
16 silly audit   postcss: [ '8.5.26' ],
16 silly audit   react: [ '19.2.8' ],
16 silly audit   'react-dom': [ '19.2.8' ],
16 silly audit   'react-icons': [ '5.7.0' ],
16 silly audit   'react-refresh': [ '0.17.0' ],
16 silly audit   'react-router': [ '7.18.3' ],
16 silly audit   'react-router-dom': [ '7.18.3' ],
16 silly audit   rollup: [ '4.63.1' ],
16 silly audit   scheduler: [ '0.27.0' ],
16 silly audit   semver: [ '6.3.1' ],
16 silly audit   'set-cookie-parser': [ '2.7.2' ],
16 silly audit   'source-map-js': [ '1.2.1' ],
16 silly audit   tailwindcss: [ '4.3.3' ],
16 silly audit   tapable: [ '2.3.3' ],
16 silly audit   tinyglobby: [ '0.2.17' ],
16 silly audit   'update-browserslist-db': [ '1.3.2' ],
16 silly audit   vite: [ '6.4.3' ],
16 silly audit   yallist: [ '3.1.1' ]
16 silly audit }
17 verbose audit error FetchError: request to https://registry.npmjs.org/-/npm/v1/security/advisories/bulk failed, reason: 
17 verbose audit error     at ClientRequest.<anonymous> (C:\Program Files\nodejs\node_modules\npm\node_modules\minipass-fetch\lib\index.js:130:14)
17 verbose audit error     at ClientRequest.emit (node:events:509:28)
17 verbose audit error     at emitErrorEvent (node:_http_client:112:11)
17 verbose audit error     at _destroy (node:_http_client:1144:9)
17 verbose audit error     at onSocketNT (node:_http_client:1165:5)
17 verbose audit error     at process.processTicksAndRejections (node:internal/process/task_queues:91:21) {
17 verbose audit error   code: 'EACCES',
17 verbose audit error   errno: 'EACCES',
17 verbose audit error   type: 'system'
17 verbose audit error }
18 silly audit error undefined
19 silly audit report null
20 http cache vite@https://registry.npmjs.org/vite/-/vite-6.4.3.tgz 0ms (cache hit)
21 http cache yallist@https://registry.npmjs.org/yallist/-/yallist-3.1.1.tgz 0ms (cache hit)
22 http cache update-browserslist-db@https://registry.npmjs.org/update-browserslist-db/-/update-browserslist-db-1.3.2.tgz 0ms (cache hit)
23 http cache tapable@https://registry.npmjs.org/tapable/-/tapable-2.3.3.tgz 0ms (cache hit)
24 http cache tinyglobby@https://registry.npmjs.org/tinyglobby/-/tinyglobby-0.2.17.tgz 0ms (cache hit)
25 http cache source-map-js@https://registry.npmjs.org/source-map-js/-/source-map-js-1.2.1.tgz 0ms (cache hit)
26 http cache tailwindcss@https://registry.npmjs.org/tailwindcss/-/tailwindcss-4.3.3.tgz 0ms (cache hit)
27 http cache set-cookie-parser@https://registry.npmjs.org/set-cookie-parser/-/set-cookie-parser-2.7.2.tgz 0ms (cache hit)
28 http cache semver@https://registry.npmjs.org/semver/-/semver-6.3.1.tgz 0ms (cache hit)
29 http cache rollup@https://registry.npmjs.org/rollup/-/rollup-4.63.1.tgz 0ms (cache hit)
30 http cache scheduler@https://registry.npmjs.org/scheduler/-/scheduler-0.27.0.tgz 0ms (cache hit)
31 http cache react-router@https://registry.npmjs.org/react-router/-/react-router-7.18.3.tgz 0ms (cache hit)
32 http cache react-refresh@https://registry.npmjs.org/react-refresh/-/react-refresh-0.17.0.tgz 0ms (cache hit)
33 http cache react-router-dom@https://registry.npmjs.org/react-router-dom/-/react-router-dom-7.18.3.tgz 0ms (cache hit)
34 http cache react-icons@https://registry.npmjs.org/react-icons/-/react-icons-5.7.0.tgz 0ms (cache hit)
35 http cache postcss@https://registry.npmjs.org/postcss/-/postcss-8.5.26.tgz 0ms (cache hit)
36 http cache react@https://registry.npmjs.org/react/-/react-19.2.8.tgz 0ms (cache hit)
37 http cache react-dom@https://registry.npmjs.org/react-dom/-/react-dom-19.2.8.tgz 0ms (cache hit)
38 http cache node-releases@https://registry.npmjs.org/node-releases/-/node-releases-2.0.54.tgz 0ms (cache hit)
39 http cache picomatch@https://registry.npmjs.org/picomatch/-/picomatch-4.0.7.tgz 0ms (cache hit)
40 http cache picocolors@https://registry.npmjs.org/picocolors/-/picocolors-1.1.1.tgz 0ms (cache hit)
41 http cache ms@https://registry.npmjs.org/ms/-/ms-2.1.3.tgz 0ms (cache hit)
42 http cache nanoid@https://registry.npmjs.org/nanoid/-/nanoid-3.3.18.tgz 0ms (cache hit)
43 http cache lru-cache@https://registry.npmjs.org/lru-cache/-/lru-cache-5.1.1.tgz 0ms (cache hit)
44 http cache magic-string@https://registry.npmjs.org/magic-string/-/magic-string-0.30.21.tgz 0ms (cache hit)
45 http cache lightningcss-win32-x64-msvc@https://registry.npmjs.org/lightningcss-win32-x64-msvc/-/lightningcss-win32-x64-msvc-1.32.0.tgz 0ms (cache hit)
46 http cache json5@https://registry.npmjs.org/json5/-/json5-2.2.3.tgz 0ms (cache hit)
47 http cache lightningcss@https://registry.npmjs.org/lightningcss/-/lightningcss-1.32.0.tgz 0ms (cache hit)
48 http cache js-tokens@https://registry.npmjs.org/js-tokens/-/js-tokens-4.0.0.tgz 0ms (cache hit)
49 http cache jsesc@https://registry.npmjs.org/jsesc/-/jsesc-3.1.0.tgz 0ms (cache hit)
50 http cache gensync@https://registry.npmjs.org/gensync/-/gensync-1.0.0-beta.2.tgz 0ms (cache hit)
51 http cache jiti@https://registry.npmjs.org/jiti/-/jiti-2.7.0.tgz 0ms (cache hit)
52 http cache graceful-fs@https://registry.npmjs.org/graceful-fs/-/graceful-fs-4.2.11.tgz 0ms (cache hit)
53 http cache fdir@https://registry.npmjs.org/fdir/-/fdir-6.5.0.tgz 0ms (cache hit)
54 http cache escalade@https://registry.npmjs.org/escalade/-/escalade-3.2.0.tgz 0ms (cache hit)
55 http cache esbuild@https://registry.npmjs.org/esbuild/-/esbuild-0.25.12.tgz 0ms (cache hit)
56 http cache enhanced-resolve@https://registry.npmjs.org/enhanced-resolve/-/enhanced-resolve-5.24.5.tgz 0ms (cache hit)
57 http cache electron-to-chromium@https://registry.npmjs.org/electron-to-chromium/-/electron-to-chromium-1.5.420.tgz 0ms (cache hit)
58 http cache detect-libc@https://registry.npmjs.org/detect-libc/-/detect-libc-2.1.2.tgz 0ms (cache hit)
59 http cache debug@https://registry.npmjs.org/debug/-/debug-4.4.3.tgz 0ms (cache hit)
60 http cache cookie@https://registry.npmjs.org/cookie/-/cookie-1.1.1.tgz 0ms (cache hit)
61 http cache convert-source-map@https://registry.npmjs.org/convert-source-map/-/convert-source-map-2.0.0.tgz 1ms (cache hit)
62 http cache caniuse-lite@https://registry.npmjs.org/caniuse-lite/-/caniuse-lite-1.0.30001810.tgz 0ms (cache hit)
63 http cache @vitejs/plugin-react@https://registry.npmjs.org/@vitejs/plugin-react/-/plugin-react-4.7.0.tgz 0ms (cache hit)
64 http cache browserslist@https://registry.npmjs.org/browserslist/-/browserslist-4.28.8.tgz 0ms (cache hit)
65 http cache baseline-browser-mapping@https://registry.npmjs.org/baseline-browser-mapping/-/baseline-browser-mapping-2.11.20.tgz 0ms (cache hit)
66 http cache @types/estree@https://registry.npmjs.org/@types/estree/-/estree-1.0.9.tgz 0ms (cache hit)
67 http cache @types/babel__traverse@https://registry.npmjs.org/@types/babel__traverse/-/babel__traverse-7.28.0.tgz 0ms (cache hit)
68 http cache @types/babel__template@https://registry.npmjs.org/@types/babel__template/-/babel__template-7.4.4.tgz 0ms (cache hit)
69 http cache @types/babel__core@https://registry.npmjs.org/@types/babel__core/-/babel__core-7.20.5.tgz 0ms (cache hit)
70 http cache @types/babel__generator@https://registry.npmjs.org/@types/babel__generator/-/babel__generator-7.27.0.tgz 0ms (cache hit)
71 http cache @rollup/rollup-win32-x64-msvc@https://registry.npmjs.org/@rollup/rollup-win32-x64-msvc/-/rollup-win32-x64-msvc-4.63.1.tgz 0ms (cache hit)
72 http cache @tailwindcss/node@https://registry.npmjs.org/@tailwindcss/node/-/node-4.3.3.tgz 0ms (cache hit)
73 http cache @tailwindcss/vite@https://registry.npmjs.org/@tailwindcss/vite/-/vite-4.3.3.tgz 0ms (cache hit)
74 http cache @tailwindcss/oxide-win32-x64-msvc@https://registry.npmjs.org/@tailwindcss/oxide-win32-x64-msvc/-/oxide-win32-x64-msvc-4.3.3.tgz 0ms (cache hit)
75 http cache @rollup/rollup-win32-x64-gnu@https://registry.npmjs.org/@rollup/rollup-win32-x64-gnu/-/rollup-win32-x64-gnu-4.63.1.tgz 1ms (cache hit)
76 http cache @tailwindcss/oxide@https://registry.npmjs.org/@tailwindcss/oxide/-/oxide-4.3.3.tgz 0ms (cache hit)
77 http cache @rolldown/pluginutils@https://registry.npmjs.org/@rolldown/pluginutils/-/pluginutils-1.0.0-beta.27.tgz 0ms (cache hit)
78 http cache @jridgewell/trace-mapping@https://registry.npmjs.org/@jridgewell/trace-mapping/-/trace-mapping-0.3.31.tgz 0ms (cache hit)
79 http cache @jridgewell/remapping@https://registry.npmjs.org/@jridgewell/remapping/-/remapping-2.3.5.tgz 0ms (cache hit)
80 http cache @jridgewell/gen-mapping@https://registry.npmjs.org/@jridgewell/gen-mapping/-/gen-mapping-0.3.13.tgz 0ms (cache hit)
81 http cache @jridgewell/sourcemap-codec@https://registry.npmjs.org/@jridgewell/sourcemap-codec/-/sourcemap-codec-1.6.0.tgz 0ms (cache hit)
82 http cache @esbuild/win32-x64@https://registry.npmjs.org/@esbuild/win32-x64/-/win32-x64-0.25.12.tgz 0ms (cache hit)
83 http cache @jridgewell/resolve-uri@https://registry.npmjs.org/@jridgewell/resolve-uri/-/resolve-uri-3.1.2.tgz 0ms (cache hit)
84 http cache @babel/template@https://registry.npmjs.org/@babel/template/-/template-7.29.7.tgz 0ms (cache hit)
85 http cache @babel/traverse@https://registry.npmjs.org/@babel/traverse/-/traverse-7.29.8.tgz 0ms (cache hit)
86 http cache @babel/parser@https://registry.npmjs.org/@babel/parser/-/parser-7.29.8.tgz 0ms (cache hit)
87 http cache @babel/types@https://registry.npmjs.org/@babel/types/-/types-7.29.8.tgz 0ms (cache hit)
88 http cache @babel/plugin-transform-react-jsx-self@https://registry.npmjs.org/@babel/plugin-transform-react-jsx-self/-/plugin-transform-react-jsx-self-7.29.7.tgz 0ms (cache hit)
89 http cache @babel/helpers@https://registry.npmjs.org/@babel/helpers/-/helpers-7.29.7.tgz 0ms (cache hit)
90 http cache @babel/helper-validator-identifier@https://registry.npmjs.org/@babel/helper-validator-identifier/-/helper-validator-identifier-7.29.7.tgz 0ms (cache hit)
91 http cache @babel/plugin-transform-react-jsx-source@https://registry.npmjs.org/@babel/plugin-transform-react-jsx-source/-/plugin-transform-react-jsx-source-7.29.7.tgz 0ms (cache hit)
92 http cache @babel/helper-validator-option@https://registry.npmjs.org/@babel/helper-validator-option/-/helper-validator-option-7.29.7.tgz 0ms (cache hit)
93 http cache @babel/helper-plugin-utils@https://registry.npmjs.org/@babel/helper-plugin-utils/-/helper-plugin-utils-7.29.7.tgz 0ms (cache hit)
94 http cache @babel/helper-string-parser@https://registry.npmjs.org/@babel/helper-string-parser/-/helper-string-parser-7.29.7.tgz 0ms (cache hit)
95 http cache @babel/helper-globals@https://registry.npmjs.org/@babel/helper-globals/-/helper-globals-7.29.7.tgz 0ms (cache hit)
96 http cache @babel/generator@https://registry.npmjs.org/@babel/generator/-/generator-7.29.8.tgz 0ms (cache hit)
97 http cache @babel/helper-module-imports@https://registry.npmjs.org/@babel/helper-module-imports/-/helper-module-imports-7.29.7.tgz 0ms (cache hit)
98 http cache @babel/helper-compilation-targets@https://registry.npmjs.org/@babel/helper-compilation-targets/-/helper-compilation-targets-7.29.7.tgz 0ms (cache hit)
99 http cache @babel/core@https://registry.npmjs.org/@babel/core/-/core-7.29.7.tgz 0ms (cache hit)
100 http cache @babel/helper-module-transforms@https://registry.npmjs.org/@babel/helper-module-transforms/-/helper-module-transforms-7.29.7.tgz 0ms (cache hit)
101 http cache @babel/compat-data@https://registry.npmjs.org/@babel/compat-data/-/compat-data-7.29.7.tgz 0ms (cache hit)
102 http cache @babel/code-frame@https://registry.npmjs.org/@babel/code-frame/-/code-frame-7.29.7.tgz 0ms (cache hit)
103 silly tarball no local data for vite@https://registry.npmjs.org/vite/-/vite-6.4.3.tgz. Extracting by manifest.
104 silly tarball no local data for yallist@https://registry.npmjs.org/yallist/-/yallist-3.1.1.tgz. Extracting by manifest.
105 silly tarball no local data for update-browserslist-db@https://registry.npmjs.org/update-browserslist-db/-/update-browserslist-db-1.3.2.tgz. Extracting by manifest.
106 silly tarball no local data for tapable@https://registry.npmjs.org/tapable/-/tapable-2.3.3.tgz. Extracting by manifest.
107 silly tarball no local data for tinyglobby@https://registry.npmjs.org/tinyglobby/-/tinyglobby-0.2.17.tgz. Extracting by manifest.
108 silly tarball no local data for source-map-js@https://registry.npmjs.org/source-map-js/-/source-map-js-1.2.1.tgz. Extracting by manifest.
109 silly tarball no local data for tailwindcss@https://registry.npmjs.org/tailwindcss/-/tailwindcss-4.3.3.tgz. Extracting by manifest.
110 silly tarball no local data for set-cookie-parser@https://registry.npmjs.org/set-cookie-parser/-/set-cookie-parser-2.7.2.tgz. Extracting by manifest.
111 silly tarball no local data for semver@https://registry.npmjs.org/semver/-/semver-6.3.1.tgz. Extracting by manifest.
112 silly tarball no local data for rollup@https://registry.npmjs.org/rollup/-/rollup-4.63.1.tgz. Extracting by manifest.
113 silly tarball no local data for scheduler@https://registry.npmjs.org/scheduler/-/scheduler-0.27.0.tgz. Extracting by manifest.
114 silly tarball no local data for react-router@https://registry.npmjs.org/react-router/-/react-router-7.18.3.tgz. Extracting by manifest.
115 silly tarball no local data for react-refresh@https://registry.npmjs.org/react-refresh/-/react-refresh-0.17.0.tgz. Extracting by manifest.
116 silly tarball no local data for react-router-dom@https://registry.npmjs.org/react-router-dom/-/react-router-dom-7.18.3.tgz. Extracting by manifest.
117 silly tarball no local data for react-icons@https://registry.npmjs.org/react-icons/-/react-icons-5.7.0.tgz. Extracting by manifest.
118 silly tarball no local data for postcss@https://registry.npmjs.org/postcss/-/postcss-8.5.26.tgz. Extracting by manifest.
119 silly tarball no local data for react@https://registry.npmjs.org/react/-/react-19.2.8.tgz. Extracting by manifest.
120 silly tarball no local data for react-dom@https://registry.npmjs.org/react-dom/-/react-dom-19.2.8.tgz. Extracting by manifest.
121 silly tarball no local data for node-releases@https://registry.npmjs.org/node-releases/-/node-releases-2.0.54.tgz. Extracting by manifest.
122 silly tarball no local data for picomatch@https://registry.npmjs.org/picomatch/-/picomatch-4.0.7.tgz. Extracting by manifest.
123 silly tarball no local data for picocolors@https://registry.npmjs.org/picocolors/-/picocolors-1.1.1.tgz. Extracting by manifest.
124 silly tarball no local data for ms@https://registry.npmjs.org/ms/-/ms-2.1.3.tgz. Extracting by manifest.
125 silly tarball no local data for nanoid@https://registry.npmjs.org/nanoid/-/nanoid-3.3.18.tgz. Extracting by manifest.
126 silly tarball no local data for lru-cache@https://registry.npmjs.org/lru-cache/-/lru-cache-5.1.1.tgz. Extracting by manifest.
127 silly tarball no local data for magic-string@https://registry.npmjs.org/magic-string/-/magic-string-0.30.21.tgz. Extracting by manifest.
128 silly tarball no local data for lightningcss-win32-x64-msvc@https://registry.npmjs.org/lightningcss-win32-x64-msvc/-/lightningcss-win32-x64-msvc-1.32.0.tgz. Extracting by manifest.
129 silly tarball no local data for json5@https://registry.npmjs.org/json5/-/json5-2.2.3.tgz. Extracting by manifest.
130 silly tarball no local data for lightningcss@https://registry.npmjs.org/lightningcss/-/lightningcss-1.32.0.tgz. Extracting by manifest.
131 silly tarball no local data for js-tokens@https://registry.npmjs.org/js-tokens/-/js-tokens-4.0.0.tgz. Extracting by manifest.
132 silly tarball no local data for jsesc@https://registry.npmjs.org/jsesc/-/jsesc-3.1.0.tgz. Extracting by manifest.
133 silly tarball no local data for gensync@https://registry.npmjs.org/gensync/-/gensync-1.0.0-beta.2.tgz. Extracting by manifest.
134 silly tarball no local data for jiti@https://registry.npmjs.org/jiti/-/jiti-2.7.0.tgz. Extracting by manifest.
135 silly tarball no local data for graceful-fs@https://registry.npmjs.org/graceful-fs/-/graceful-fs-4.2.11.tgz. Extracting by manifest.
136 silly tarball no local data for fdir@https://registry.npmjs.org/fdir/-/fdir-6.5.0.tgz. Extracting by manifest.
137 silly tarball no local data for escalade@https://registry.npmjs.org/escalade/-/escalade-3.2.0.tgz. Extracting by manifest.
138 silly tarball no local data for esbuild@https://registry.npmjs.org/esbuild/-/esbuild-0.25.12.tgz. Extracting by manifest.
139 silly tarball no local data for enhanced-resolve@https://registry.npmjs.org/enhanced-resolve/-/enhanced-resolve-5.24.5.tgz. Extracting by manifest.
140 silly tarball no local data for electron-to-chromium@https://registry.npmjs.org/electron-to-chromium/-/electron-to-chromium-1.5.420.tgz. Extracting by manifest.
141 silly tarball no local data for detect-libc@https://registry.npmjs.org/detect-libc/-/detect-libc-2.1.2.tgz. Extracting by manifest.
142 silly tarball no local data for debug@https://registry.npmjs.org/debug/-/debug-4.4.3.tgz. Extracting by manifest.
143 silly tarball no local data for cookie@https://registry.npmjs.org/cookie/-/cookie-1.1.1.tgz. Extracting by manifest.
144 silly tarball no local data for convert-source-map@https://registry.npmjs.org/convert-source-map/-/convert-source-map-2.0.0.tgz. Extracting by manifest.
145 silly tarball no local data for caniuse-lite@https://registry.npmjs.org/caniuse-lite/-/caniuse-lite-1.0.30001810.tgz. Extracting by manifest.
146 silly tarball no local data for @vitejs/plugin-react@https://registry.npmjs.org/@vitejs/plugin-react/-/plugin-react-4.7.0.tgz. Extracting by manifest.
147 silly tarball no local data for browserslist@https://registry.npmjs.org/browserslist/-/browserslist-4.28.8.tgz. Extracting by manifest.
148 silly tarball no local data for baseline-browser-mapping@https://registry.npmjs.org/baseline-browser-mapping/-/baseline-browser-mapping-2.11.20.tgz. Extracting by manifest.
149 silly tarball no local data for @types/estree@https://registry.npmjs.org/@types/estree/-/estree-1.0.9.tgz. Extracting by manifest.
150 silly tarball no local data for @types/babel__traverse@https://registry.npmjs.org/@types/babel__traverse/-/babel__traverse-7.28.0.tgz. Extracting by manifest.
151 silly tarball no local data for @types/babel__template@https://registry.npmjs.org/@types/babel__template/-/babel__template-7.4.4.tgz. Extracting by manifest.
152 silly tarball no local data for @types/babel__core@https://registry.npmjs.org/@types/babel__core/-/babel__core-7.20.5.tgz. Extracting by manifest.
153 silly tarball no local data for @types/babel__generator@https://registry.npmjs.org/@types/babel__generator/-/babel__generator-7.27.0.tgz. Extracting by manifest.
154 silly tarball no local data for @rollup/rollup-win32-x64-msvc@https://registry.npmjs.org/@rollup/rollup-win32-x64-msvc/-/rollup-win32-x64-msvc-4.63.1.tgz. Extracting by manifest.
155 silly tarball no local data for @tailwindcss/node@https://registry.npmjs.org/@tailwindcss/node/-/node-4.3.3.tgz. Extracting by manifest.
156 silly tarball no local data for @tailwindcss/vite@https://registry.npmjs.org/@tailwindcss/vite/-/vite-4.3.3.tgz. Extracting by manifest.
157 silly tarball no local data for @tailwindcss/oxide-win32-x64-msvc@https://registry.npmjs.org/@tailwindcss/oxide-win32-x64-msvc/-/oxide-win32-x64-msvc-4.3.3.tgz. Extracting by manifest.
158 silly tarball no local data for @rollup/rollup-win32-x64-gnu@https://registry.npmjs.org/@rollup/rollup-win32-x64-gnu/-/rollup-win32-x64-gnu-4.63.1.tgz. Extracting by manifest.
159 silly tarball no local data for @tailwindcss/oxide@https://registry.npmjs.org/@tailwindcss/oxide/-/oxide-4.3.3.tgz. Extracting by manifest.
160 silly tarball no local data for @rolldown/pluginutils@https://registry.npmjs.org/@rolldown/pluginutils/-/pluginutils-1.0.0-beta.27.tgz. Extracting by manifest.
161 silly tarball no local data for @jridgewell/trace-mapping@https://registry.npmjs.org/@jridgewell/trace-mapping/-/trace-mapping-0.3.31.tgz. Extracting by manifest.
162 silly tarball no local data for @jridgewell/remapping@https://registry.npmjs.org/@jridgewell/remapping/-/remapping-2.3.5.tgz. Extracting by manifest.
163 silly tarball no local data for @jridgewell/gen-mapping@https://registry.npmjs.org/@jridgewell/gen-mapping/-/gen-mapping-0.3.13.tgz. Extracting by manifest.
164 silly tarball no local data for @jridgewell/sourcemap-codec@https://registry.npmjs.org/@jridgewell/sourcemap-codec/-/sourcemap-codec-1.6.0.tgz. Extracting by manifest.
165 silly tarball no local data for @esbuild/win32-x64@https://registry.npmjs.org/@esbuild/win32-x64/-/win32-x64-0.25.12.tgz. Extracting by manifest.
166 silly tarball no local data for @jridgewell/resolve-uri@https://registry.npmjs.org/@jridgewell/resolve-uri/-/resolve-uri-3.1.2.tgz. Extracting by manifest.
167 silly tarball no local data for @babel/template@https://registry.npmjs.org/@babel/template/-/template-7.29.7.tgz. Extracting by manifest.
168 silly tarball no local data for @babel/traverse@https://registry.npmjs.org/@babel/traverse/-/traverse-7.29.8.tgz. Extracting by manifest.
169 silly tarball no local data for @babel/parser@https://registry.npmjs.org/@babel/parser/-/parser-7.29.8.tgz. Extracting by manifest.
170 silly tarball no local data for @babel/types@https://registry.npmjs.org/@babel/types/-/types-7.29.8.tgz. Extracting by manifest.
171 silly tarball no local data for @babel/plugin-transform-react-jsx-self@https://registry.npmjs.org/@babel/plugin-transform-react-jsx-self/-/plugin-transform-react-jsx-self-7.29.7.tgz. Extracting by manifest.
172 silly tarball no local data for @babel/helpers@https://registry.npmjs.org/@babel/helpers/-/helpers-7.29.7.tgz. Extracting by manifest.
173 silly tarball no local data for @babel/helper-validator-identifier@https://registry.npmjs.org/@babel/helper-validator-identifier/-/helper-validator-identifier-7.29.7.tgz. Extracting by manifest.
174 silly tarball no local data for @babel/plugin-transform-react-jsx-source@https://registry.npmjs.org/@babel/plugin-transform-react-jsx-source/-/plugin-transform-react-jsx-source-7.29.7.tgz. Extracting by manifest.
175 silly tarball no local data for @babel/helper-validator-option@https://registry.npmjs.org/@babel/helper-validator-option/-/helper-validator-option-7.29.7.tgz. Extracting by manifest.
176 silly tarball no local data for @babel/helper-plugin-utils@https://registry.npmjs.org/@babel/helper-plugin-utils/-/helper-plugin-utils-7.29.7.tgz. Extracting by manifest.
177 silly tarball no local data for @babel/helper-string-parser@https://registry.npmjs.org/@babel/helper-string-parser/-/helper-string-parser-7.29.7.tgz. Extracting by manifest.
178 silly tarball no local data for @babel/helper-globals@https://registry.npmjs.org/@babel/helper-globals/-/helper-globals-7.29.7.tgz. Extracting by manifest.
179 silly tarball no local data for @babel/generator@https://registry.npmjs.org/@babel/generator/-/generator-7.29.8.tgz. Extracting by manifest.
180 silly tarball no local data for @babel/helper-module-imports@https://registry.npmjs.org/@babel/helper-module-imports/-/helper-module-imports-7.29.7.tgz. Extracting by manifest.
181 silly tarball no local data for @babel/helper-compilation-targets@https://registry.npmjs.org/@babel/helper-compilation-targets/-/helper-compilation-targets-7.29.7.tgz. Extracting by manifest.
182 silly tarball no local data for @babel/core@https://registry.npmjs.org/@babel/core/-/core-7.29.7.tgz. Extracting by manifest.
183 silly tarball no local data for @babel/helper-module-transforms@https://registry.npmjs.org/@babel/helper-module-transforms/-/helper-module-transforms-7.29.7.tgz. Extracting by manifest.
184 silly tarball no local data for @babel/compat-data@https://registry.npmjs.org/@babel/compat-data/-/compat-data-7.29.7.tgz. Extracting by manifest.
185 silly tarball no local data for @babel/code-frame@https://registry.npmjs.org/@babel/code-frame/-/code-frame-7.29.7.tgz. Extracting by manifest.
186 http fetch GET https://registry.npmjs.org/vite/-/vite-6.4.3.tgz attempt 1 failed with EACCES
187 http fetch GET https://registry.npmjs.org/yallist/-/yallist-3.1.1.tgz attempt 1 failed with EACCES
188 http fetch GET https://registry.npmjs.org/update-browserslist-db/-/update-browserslist-db-1.3.2.tgz attempt 1 failed with EACCES
189 http fetch GET https://registry.npmjs.org/tapable/-/tapable-2.3.3.tgz attempt 1 failed with EACCES
190 http fetch GET https://registry.npmjs.org/tinyglobby/-/tinyglobby-0.2.17.tgz attempt 1 failed with EACCES
191 http fetch GET https://registry.npmjs.org/source-map-js/-/source-map-js-1.2.1.tgz attempt 1 failed with EACCES
192 http fetch GET https://registry.npmjs.org/tailwindcss/-/tailwindcss-4.3.3.tgz attempt 1 failed with EACCES
193 http fetch GET https://registry.npmjs.org/set-cookie-parser/-/set-cookie-parser-2.7.2.tgz attempt 1 failed with EACCES
194 http fetch GET https://registry.npmjs.org/semver/-/semver-6.3.1.tgz attempt 1 failed with EACCES
195 http fetch GET https://registry.npmjs.org/rollup/-/rollup-4.63.1.tgz attempt 1 failed with EACCES
196 http fetch GET https://registry.npmjs.org/scheduler/-/scheduler-0.27.0.tgz attempt 1 failed with EACCES
197 http fetch GET https://registry.npmjs.org/react-router/-/react-router-7.18.3.tgz attempt 1 failed with EACCES
198 http fetch GET https://registry.npmjs.org/react-refresh/-/react-refresh-0.17.0.tgz attempt 1 failed with EACCES
199 http fetch GET https://registry.npmjs.org/react-router-dom/-/react-router-dom-7.18.3.tgz attempt 1 failed with EACCES
200 http fetch GET https://registry.npmjs.org/react-icons/-/react-icons-5.7.0.tgz attempt 1 failed with EACCES
201 http fetch GET https://registry.npmjs.org/postcss/-/postcss-8.5.26.tgz attempt 1 failed with EACCES
202 http fetch GET https://registry.npmjs.org/react/-/react-19.2.8.tgz attempt 1 failed with EACCES
203 http fetch GET https://registry.npmjs.org/react-dom/-/react-dom-19.2.8.tgz attempt 1 failed with EACCES
204 http fetch GET https://registry.npmjs.org/node-releases/-/node-releases-2.0.54.tgz attempt 1 failed with EACCES
205 http fetch GET https://registry.npmjs.org/picomatch/-/picomatch-4.0.7.tgz attempt 1 failed with EACCES
206 http fetch GET https://registry.npmjs.org/picocolors/-/picocolors-1.1.1.tgz attempt 1 failed with EACCES
207 http fetch GET https://registry.npmjs.org/ms/-/ms-2.1.3.tgz attempt 1 failed with EACCES
208 http fetch GET https://registry.npmjs.org/nanoid/-/nanoid-3.3.18.tgz attempt 1 failed with EACCES
209 http fetch GET https://registry.npmjs.org/lru-cache/-/lru-cache-5.1.1.tgz attempt 1 failed with EACCES
210 http fetch GET https://registry.npmjs.org/magic-string/-/magic-string-0.30.21.tgz attempt 1 failed with EACCES
211 http fetch GET https://registry.npmjs.org/lightningcss-win32-x64-msvc/-/lightningcss-win32-x64-msvc-1.32.0.tgz attempt 1 failed with EACCES
212 http fetch GET https://registry.npmjs.org/json5/-/json5-2.2.3.tgz attempt 1 failed with EACCES
213 http fetch GET https://registry.npmjs.org/lightningcss/-/lightningcss-1.32.0.tgz attempt 1 failed with EACCES
214 http fetch GET https://registry.npmjs.org/js-tokens/-/js-tokens-4.0.0.tgz attempt 1 failed with EACCES
215 http fetch GET https://registry.npmjs.org/jsesc/-/jsesc-3.1.0.tgz attempt 1 failed with EACCES
216 http fetch GET https://registry.npmjs.org/gensync/-/gensync-1.0.0-beta.2.tgz attempt 1 failed with EACCES
217 http fetch GET https://registry.npmjs.org/jiti/-/jiti-2.7.0.tgz attempt 1 failed with EACCES
218 http fetch GET https://registry.npmjs.org/graceful-fs/-/graceful-fs-4.2.11.tgz attempt 1 failed with EACCES
219 http fetch GET https://registry.npmjs.org/fdir/-/fdir-6.5.0.tgz attempt 1 failed with EACCES
220 http fetch GET https://registry.npmjs.org/escalade/-/escalade-3.2.0.tgz attempt 1 failed with EACCES
221 http fetch GET https://registry.npmjs.org/esbuild/-/esbuild-0.25.12.tgz attempt 1 failed with EACCES
222 http fetch GET https://registry.npmjs.org/enhanced-resolve/-/enhanced-resolve-5.24.5.tgz attempt 1 failed with EACCES
223 http fetch GET https://registry.npmjs.org/electron-to-chromium/-/electron-to-chromium-1.5.420.tgz attempt 1 failed with EACCES
224 http fetch GET https://registry.npmjs.org/detect-libc/-/detect-libc-2.1.2.tgz attempt 1 failed with EACCES
225 http fetch GET https://registry.npmjs.org/debug/-/debug-4.4.3.tgz attempt 1 failed with EACCES
226 http fetch GET https://registry.npmjs.org/cookie/-/cookie-1.1.1.tgz attempt 1 failed with EACCES
227 http fetch GET https://registry.npmjs.org/convert-source-map/-/convert-source-map-2.0.0.tgz attempt 1 failed with EACCES
228 http fetch GET https://registry.npmjs.org/caniuse-lite/-/caniuse-lite-1.0.30001810.tgz attempt 1 failed with EACCES
229 http fetch GET https://registry.npmjs.org/@vitejs/plugin-react/-/plugin-react-4.7.0.tgz attempt 1 failed with EACCES
230 http fetch GET https://registry.npmjs.org/browserslist/-/browserslist-4.28.8.tgz attempt 1 failed with EACCES
231 http fetch GET https://registry.npmjs.org/baseline-browser-mapping/-/baseline-browser-mapping-2.11.20.tgz attempt 1 failed with EACCES
232 http fetch GET https://registry.npmjs.org/@types/estree/-/estree-1.0.9.tgz attempt 1 failed with EACCES
233 http fetch GET https://registry.npmjs.org/@types/babel__traverse/-/babel__traverse-7.28.0.tgz attempt 1 failed with EACCES
234 http fetch GET https://registry.npmjs.org/@types/babel__template/-/babel__template-7.4.4.tgz attempt 1 failed with EACCES
235 http fetch GET https://registry.npmjs.org/@types/babel__core/-/babel__core-7.20.5.tgz attempt 1 failed with EACCES
236 http fetch GET https://registry.npmjs.org/@types/babel__generator/-/babel__generator-7.27.0.tgz attempt 1 failed with EACCES
237 http fetch GET https://registry.npmjs.org/@rollup/rollup-win32-x64-msvc/-/rollup-win32-x64-msvc-4.63.1.tgz attempt 1 failed with EACCES
238 http fetch GET https://registry.npmjs.org/@tailwindcss/node/-/node-4.3.3.tgz attempt 1 failed with EACCES
239 http fetch GET https://registry.npmjs.org/@tailwindcss/vite/-/vite-4.3.3.tgz attempt 1 failed with EACCES
240 http fetch GET https://registry.npmjs.org/@tailwindcss/oxide-win32-x64-msvc/-/oxide-win32-x64-msvc-4.3.3.tgz attempt 1 failed with EACCES
241 http fetch GET https://registry.npmjs.org/@rollup/rollup-win32-x64-gnu/-/rollup-win32-x64-gnu-4.63.1.tgz attempt 1 failed with EACCES
242 http fetch GET https://registry.npmjs.org/@tailwindcss/oxide/-/oxide-4.3.3.tgz attempt 1 failed with EACCES
243 http fetch GET https://registry.npmjs.org/@rolldown/pluginutils/-/pluginutils-1.0.0-beta.27.tgz attempt 1 failed with EACCES
244 http fetch GET https://registry.npmjs.org/@jridgewell/trace-mapping/-/trace-mapping-0.3.31.tgz attempt 1 failed with EACCES
245 http fetch GET https://registry.npmjs.org/@jridgewell/remapping/-/remapping-2.3.5.tgz attempt 1 failed with EACCES
246 http fetch GET https://registry.npmjs.org/@jridgewell/gen-mapping/-/gen-mapping-0.3.13.tgz attempt 1 failed with EACCES
247 http fetch GET https://registry.npmjs.org/@jridgewell/sourcemap-codec/-/sourcemap-codec-1.6.0.tgz attempt 1 failed with EACCES
248 http fetch GET https://registry.npmjs.org/@esbuild/win32-x64/-/win32-x64-0.25.12.tgz attempt 1 failed with EACCES
249 http fetch GET https://registry.npmjs.org/@jridgewell/resolve-uri/-/resolve-uri-3.1.2.tgz attempt 1 failed with EACCES
250 http fetch GET https://registry.npmjs.org/@babel/template/-/template-7.29.7.tgz attempt 1 failed with EACCES
251 http fetch GET https://registry.npmjs.org/@babel/traverse/-/traverse-7.29.8.tgz attempt 1 failed with EACCES
252 http fetch GET https://registry.npmjs.org/@babel/parser/-/parser-7.29.8.tgz attempt 1 failed with EACCES
253 http fetch GET https://registry.npmjs.org/@babel/types/-/types-7.29.8.tgz attempt 1 failed with EACCES
254 http fetch GET https://registry.npmjs.org/@babel/plugin-transform-react-jsx-self/-/plugin-transform-react-jsx-self-7.29.7.tgz attempt 1 failed with EACCES
255 http fetch GET https://registry.npmjs.org/@babel/helpers/-/helpers-7.29.7.tgz attempt 1 failed with EACCES
256 http fetch GET https://registry.npmjs.org/@babel/helper-validator-identifier/-/helper-validator-identifier-7.29.7.tgz attempt 1 failed with EACCES
257 http fetch GET https://registry.npmjs.org/@babel/plugin-transform-react-jsx-source/-/plugin-transform-react-jsx-source-7.29.7.tgz attempt 1 failed with EACCES
258 http fetch GET https://registry.npmjs.org/@babel/helper-validator-option/-/helper-validator-option-7.29.7.tgz attempt 1 failed with EACCES
259 http fetch GET https://registry.npmjs.org/@babel/helper-plugin-utils/-/helper-plugin-utils-7.29.7.tgz attempt 1 failed with EACCES
260 http fetch GET https://registry.npmjs.org/@babel/helper-string-parser/-/helper-string-parser-7.29.7.tgz attempt 1 failed with EACCES
261 http fetch GET https://registry.npmjs.org/@babel/helper-globals/-/helper-globals-7.29.7.tgz attempt 1 failed with EACCES
262 http fetch GET https://registry.npmjs.org/@babel/generator/-/generator-7.29.8.tgz attempt 1 failed with EACCES
263 http fetch GET https://registry.npmjs.org/@babel/helper-module-imports/-/helper-module-imports-7.29.7.tgz attempt 1 failed with EACCES
264 http fetch GET https://registry.npmjs.org/@babel/helper-compilation-targets/-/helper-compilation-targets-7.29.7.tgz attempt 1 failed with EACCES
265 http fetch GET https://registry.npmjs.org/@babel/core/-/core-7.29.7.tgz attempt 1 failed with EACCES
266 http fetch GET https://registry.npmjs.org/@babel/helper-module-transforms/-/helper-module-transforms-7.29.7.tgz attempt 1 failed with EACCES
267 http fetch GET https://registry.npmjs.org/@babel/compat-data/-/compat-data-7.29.7.tgz attempt 1 failed with EACCES
268 http fetch GET https://registry.npmjs.org/@babel/code-frame/-/code-frame-7.29.7.tgz attempt 1 failed with EACCES
269 http fetch GET https://registry.npmjs.org/vite/-/vite-6.4.3.tgz attempt 2 failed with EACCES
270 http fetch GET https://registry.npmjs.org/yallist/-/yallist-3.1.1.tgz attempt 2 failed with EACCES
271 http fetch GET https://registry.npmjs.org/update-browserslist-db/-/update-browserslist-db-1.3.2.tgz attempt 2 failed with EACCES
272 http fetch GET https://registry.npmjs.org/tapable/-/tapable-2.3.3.tgz attempt 2 failed with EACCES
273 http fetch GET https://registry.npmjs.org/tinyglobby/-/tinyglobby-0.2.17.tgz attempt 2 failed with EACCES
274 http fetch GET https://registry.npmjs.org/source-map-js/-/source-map-js-1.2.1.tgz attempt 2 failed with EACCES
275 http fetch GET https://registry.npmjs.org/tailwindcss/-/tailwindcss-4.3.3.tgz attempt 2 failed with EACCES
276 http fetch GET https://registry.npmjs.org/set-cookie-parser/-/set-cookie-parser-2.7.2.tgz attempt 2 failed with EACCES
277 http fetch GET https://registry.npmjs.org/semver/-/semver-6.3.1.tgz attempt 2 failed with EACCES
278 http fetch GET https://registry.npmjs.org/rollup/-/rollup-4.63.1.tgz attempt 2 failed with EACCES
279 http fetch GET https://registry.npmjs.org/scheduler/-/scheduler-0.27.0.tgz attempt 2 failed with EACCES
280 http fetch GET https://registry.npmjs.org/react-router/-/react-router-7.18.3.tgz attempt 2 failed with EACCES
281 http fetch GET https://registry.npmjs.org/react-refresh/-/react-refresh-0.17.0.tgz attempt 2 failed with EACCES
282 http fetch GET https://registry.npmjs.org/react-router-dom/-/react-router-dom-7.18.3.tgz attempt 2 failed with EACCES
283 http fetch GET https://registry.npmjs.org/react-icons/-/react-icons-5.7.0.tgz attempt 2 failed with EACCES
284 http fetch GET https://registry.npmjs.org/postcss/-/postcss-8.5.26.tgz attempt 2 failed with EACCES
285 http fetch GET https://registry.npmjs.org/react/-/react-19.2.8.tgz attempt 2 failed with EACCES
286 http fetch GET https://registry.npmjs.org/react-dom/-/react-dom-19.2.8.tgz attempt 2 failed with EACCES
287 http fetch GET https://registry.npmjs.org/node-releases/-/node-releases-2.0.54.tgz attempt 2 failed with EACCES
288 http fetch GET https://registry.npmjs.org/picomatch/-/picomatch-4.0.7.tgz attempt 2 failed with EACCES
289 http fetch GET https://registry.npmjs.org/picocolors/-/picocolors-1.1.1.tgz attempt 2 failed with EACCES
290 http fetch GET https://registry.npmjs.org/ms/-/ms-2.1.3.tgz attempt 2 failed with EACCES
291 http fetch GET https://registry.npmjs.org/nanoid/-/nanoid-3.3.18.tgz attempt 2 failed with EACCES
292 http fetch GET https://registry.npmjs.org/lru-cache/-/lru-cache-5.1.1.tgz attempt 2 failed with EACCES
293 http fetch GET https://registry.npmjs.org/magic-string/-/magic-string-0.30.21.tgz attempt 2 failed with EACCES
294 http fetch GET https://registry.npmjs.org/lightningcss-win32-x64-msvc/-/lightningcss-win32-x64-msvc-1.32.0.tgz attempt 2 failed with EACCES
295 http fetch GET https://registry.npmjs.org/json5/-/json5-2.2.3.tgz attempt 2 failed with EACCES
296 http fetch GET https://registry.npmjs.org/lightningcss/-/lightningcss-1.32.0.tgz attempt 2 failed with EACCES
297 http fetch GET https://registry.npmjs.org/js-tokens/-/js-tokens-4.0.0.tgz attempt 2 failed with EACCES
298 http fetch GET https://registry.npmjs.org/jsesc/-/jsesc-3.1.0.tgz attempt 2 failed with EACCES
299 http fetch GET https://registry.npmjs.org/gensync/-/gensync-1.0.0-beta.2.tgz attempt 2 failed with EACCES
300 http fetch GET https://registry.npmjs.org/jiti/-/jiti-2.7.0.tgz attempt 2 failed with EACCES
301 http fetch GET https://registry.npmjs.org/graceful-fs/-/graceful-fs-4.2.11.tgz attempt 2 failed with EACCES
302 http fetch GET https://registry.npmjs.org/fdir/-/fdir-6.5.0.tgz attempt 2 failed with EACCES
303 http fetch GET https://registry.npmjs.org/escalade/-/escalade-3.2.0.tgz attempt 2 failed with EACCES
304 http fetch GET https://registry.npmjs.org/esbuild/-/esbuild-0.25.12.tgz attempt 2 failed with EACCES
305 http fetch GET https://registry.npmjs.org/enhanced-resolve/-/enhanced-resolve-5.24.5.tgz attempt 2 failed with EACCES
306 http fetch GET https://registry.npmjs.org/electron-to-chromium/-/electron-to-chromium-1.5.420.tgz attempt 2 failed with EACCES
307 http fetch GET https://registry.npmjs.org/detect-libc/-/detect-libc-2.1.2.tgz attempt 2 failed with EACCES
308 http fetch GET https://registry.npmjs.org/debug/-/debug-4.4.3.tgz attempt 2 failed with EACCES
309 http fetch GET https://registry.npmjs.org/cookie/-/cookie-1.1.1.tgz attempt 2 failed with EACCES
310 http fetch GET https://registry.npmjs.org/convert-source-map/-/convert-source-map-2.0.0.tgz attempt 2 failed with EACCES
311 http fetch GET https://registry.npmjs.org/caniuse-lite/-/caniuse-lite-1.0.30001810.tgz attempt 2 failed with EACCES
312 http fetch GET https://registry.npmjs.org/@vitejs/plugin-react/-/plugin-react-4.7.0.tgz attempt 2 failed with EACCES
313 http fetch GET https://registry.npmjs.org/browserslist/-/browserslist-4.28.8.tgz attempt 2 failed with EACCES
314 http fetch GET https://registry.npmjs.org/baseline-browser-mapping/-/baseline-browser-mapping-2.11.20.tgz attempt 2 failed with EACCES
315 http fetch GET https://registry.npmjs.org/@types/estree/-/estree-1.0.9.tgz attempt 2 failed with EACCES
316 http fetch GET https://registry.npmjs.org/@types/babel__traverse/-/babel__traverse-7.28.0.tgz attempt 2 failed with EACCES
317 http fetch GET https://registry.npmjs.org/@types/babel__template/-/babel__template-7.4.4.tgz attempt 2 failed with EACCES
318 http fetch GET https://registry.npmjs.org/@types/babel__core/-/babel__core-7.20.5.tgz attempt 2 failed with EACCES
319 http fetch GET https://registry.npmjs.org/@types/babel__generator/-/babel__generator-7.27.0.tgz attempt 2 failed with EACCES
320 http fetch GET https://registry.npmjs.org/@rollup/rollup-win32-x64-msvc/-/rollup-win32-x64-msvc-4.63.1.tgz attempt 2 failed with EACCES
321 http fetch GET https://registry.npmjs.org/@tailwindcss/node/-/node-4.3.3.tgz attempt 2 failed with EACCES
322 http fetch GET https://registry.npmjs.org/@tailwindcss/vite/-/vite-4.3.3.tgz attempt 2 failed with EACCES
323 http fetch GET https://registry.npmjs.org/@tailwindcss/oxide-win32-x64-msvc/-/oxide-win32-x64-msvc-4.3.3.tgz attempt 2 failed with EACCES
324 http fetch GET https://registry.npmjs.org/@rollup/rollup-win32-x64-gnu/-/rollup-win32-x64-gnu-4.63.1.tgz attempt 2 failed with EACCES
325 http fetch GET https://registry.npmjs.org/@tailwindcss/oxide/-/oxide-4.3.3.tgz attempt 2 failed with EACCES
326 http fetch GET https://registry.npmjs.org/@rolldown/pluginutils/-/pluginutils-1.0.0-beta.27.tgz attempt 2 failed with EACCES
327 http fetch GET https://registry.npmjs.org/@jridgewell/trace-mapping/-/trace-mapping-0.3.31.tgz attempt 2 failed with EACCES
328 http fetch GET https://registry.npmjs.org/@jridgewell/remapping/-/remapping-2.3.5.tgz attempt 2 failed with EACCES
329 http fetch GET https://registry.npmjs.org/@jridgewell/gen-mapping/-/gen-mapping-0.3.13.tgz attempt 2 failed with EACCES
330 http fetch GET https://registry.npmjs.org/@jridgewell/sourcemap-codec/-/sourcemap-codec-1.6.0.tgz attempt 2 failed with EACCES
331 http fetch GET https://registry.npmjs.org/@esbuild/win32-x64/-/win32-x64-0.25.12.tgz attempt 2 failed with EACCES
332 http fetch GET https://registry.npmjs.org/@jridgewell/resolve-uri/-/resolve-uri-3.1.2.tgz attempt 2 failed with EACCES
333 http fetch GET https://registry.npmjs.org/@babel/template/-/template-7.29.7.tgz attempt 2 failed with EACCES
334 http fetch GET https://registry.npmjs.org/@babel/traverse/-/traverse-7.29.8.tgz attempt 2 failed with EACCES
335 http fetch GET https://registry.npmjs.org/@babel/parser/-/parser-7.29.8.tgz attempt 2 failed with EACCES
336 http fetch GET https://registry.npmjs.org/@babel/types/-/types-7.29.8.tgz attempt 2 failed with EACCES
337 http fetch GET https://registry.npmjs.org/@babel/plugin-transform-react-jsx-self/-/plugin-transform-react-jsx-self-7.29.7.tgz attempt 2 failed with EACCES
338 http fetch GET https://registry.npmjs.org/@babel/helpers/-/helpers-7.29.7.tgz attempt 2 failed with EACCES
339 http fetch GET https://registry.npmjs.org/@babel/helper-validator-identifier/-/helper-validator-identifier-7.29.7.tgz attempt 2 failed with EACCES
340 http fetch GET https://registry.npmjs.org/@babel/plugin-transform-react-jsx-source/-/plugin-transform-react-jsx-source-7.29.7.tgz attempt 2 failed with EACCES
341 http fetch GET https://registry.npmjs.org/@babel/helper-validator-option/-/helper-validator-option-7.29.7.tgz attempt 2 failed with EACCES
342 http fetch GET https://registry.npmjs.org/@babel/helper-plugin-utils/-/helper-plugin-utils-7.29.7.tgz attempt 2 failed with EACCES
343 http fetch GET https://registry.npmjs.org/@babel/helper-string-parser/-/helper-string-parser-7.29.7.tgz attempt 2 failed with EACCES
344 http fetch GET https://registry.npmjs.org/@babel/helper-globals/-/helper-globals-7.29.7.tgz attempt 2 failed with EACCES
345 http fetch GET https://registry.npmjs.org/@babel/generator/-/generator-7.29.8.tgz attempt 2 failed with EACCES
346 http fetch GET https://registry.npmjs.org/@babel/helper-module-imports/-/helper-module-imports-7.29.7.tgz attempt 2 failed with EACCES
347 http fetch GET https://registry.npmjs.org/@babel/helper-compilation-targets/-/helper-compilation-targets-7.29.7.tgz attempt 2 failed with EACCES
348 http fetch GET https://registry.npmjs.org/@babel/core/-/core-7.29.7.tgz attempt 2 failed with EACCES
349 http fetch GET https://registry.npmjs.org/@babel/helper-module-transforms/-/helper-module-transforms-7.29.7.tgz attempt 2 failed with EACCES
350 http fetch GET https://registry.npmjs.org/@babel/compat-data/-/compat-data-7.29.7.tgz attempt 2 failed with EACCES
351 http fetch GET https://registry.npmjs.org/@babel/code-frame/-/code-frame-7.29.7.tgz attempt 2 failed with EACCES
352 http fetch GET https://registry.npmjs.org/vite/-/vite-6.4.3.tgz attempt 3 failed with EACCES
353 http fetch GET https://registry.npmjs.org/yallist/-/yallist-3.1.1.tgz attempt 3 failed with EACCES
354 http fetch GET https://registry.npmjs.org/update-browserslist-db/-/update-browserslist-db-1.3.2.tgz attempt 3 failed with EACCES
355 http fetch GET https://registry.npmjs.org/tapable/-/tapable-2.3.3.tgz attempt 3 failed with EACCES
356 http fetch GET https://registry.npmjs.org/tinyglobby/-/tinyglobby-0.2.17.tgz attempt 3 failed with EACCES
357 http fetch GET https://registry.npmjs.org/source-map-js/-/source-map-js-1.2.1.tgz attempt 3 failed with EACCES
358 http fetch GET https://registry.npmjs.org/tailwindcss/-/tailwindcss-4.3.3.tgz attempt 3 failed with EACCES
359 http fetch GET https://registry.npmjs.org/set-cookie-parser/-/set-cookie-parser-2.7.2.tgz attempt 3 failed with EACCES
360 http fetch GET https://registry.npmjs.org/semver/-/semver-6.3.1.tgz attempt 3 failed with EACCES
361 http fetch GET https://registry.npmjs.org/rollup/-/rollup-4.63.1.tgz attempt 3 failed with EACCES
362 http fetch GET https://registry.npmjs.org/scheduler/-/scheduler-0.27.0.tgz attempt 3 failed with EACCES
363 http fetch GET https://registry.npmjs.org/react-router/-/react-router-7.18.3.tgz attempt 3 failed with EACCES
364 http fetch GET https://registry.npmjs.org/react-refresh/-/react-refresh-0.17.0.tgz attempt 3 failed with EACCES
365 http fetch GET https://registry.npmjs.org/react-router-dom/-/react-router-dom-7.18.3.tgz attempt 3 failed with EACCES
366 http fetch GET https://registry.npmjs.org/react-icons/-/react-icons-5.7.0.tgz attempt 3 failed with EACCES
367 http fetch GET https://registry.npmjs.org/postcss/-/postcss-8.5.26.tgz attempt 3 failed with EACCES
368 http fetch GET https://registry.npmjs.org/react/-/react-19.2.8.tgz attempt 3 failed with EACCES
369 http fetch GET https://registry.npmjs.org/react-dom/-/react-dom-19.2.8.tgz attempt 3 failed with EACCES
370 http fetch GET https://registry.npmjs.org/node-releases/-/node-releases-2.0.54.tgz attempt 3 failed with EACCES
371 http fetch GET https://registry.npmjs.org/picomatch/-/picomatch-4.0.7.tgz attempt 3 failed with EACCES
372 http fetch GET https://registry.npmjs.org/picocolors/-/picocolors-1.1.1.tgz attempt 3 failed with EACCES
373 http fetch GET https://registry.npmjs.org/ms/-/ms-2.1.3.tgz attempt 3 failed with EACCES
374 http fetch GET https://registry.npmjs.org/nanoid/-/nanoid-3.3.18.tgz attempt 3 failed with EACCES
375 http fetch GET https://registry.npmjs.org/lru-cache/-/lru-cache-5.1.1.tgz attempt 3 failed with EACCES
376 http fetch GET https://registry.npmjs.org/magic-string/-/magic-string-0.30.21.tgz attempt 3 failed with EACCES
377 http fetch GET https://registry.npmjs.org/lightningcss-win32-x64-msvc/-/lightningcss-win32-x64-msvc-1.32.0.tgz attempt 3 failed with EACCES
378 verbose reify failed optional dependency C:\Users\v_thi\OneDrive\Desktop\Medikiosk\medikiosk-frontend\node_modules\lightningcss-win32-x64-msvc
379 silly reify mark deleted [
379 silly reify   'C:\\Users\\v_thi\\OneDrive\\Desktop\\Medikiosk\\medikiosk-frontend\\node_modules\\lightningcss-win32-x64-msvc'
379 silly reify ]
380 http fetch GET https://registry.npmjs.org/json5/-/json5-2.2.3.tgz attempt 3 failed with EACCES
381 http fetch GET https://registry.npmjs.org/lightningcss/-/lightningcss-1.32.0.tgz attempt 3 failed with EACCES
382 http fetch GET https://registry.npmjs.org/js-tokens/-/js-tokens-4.0.0.tgz attempt 3 failed with EACCES
383 http fetch GET https://registry.npmjs.org/jsesc/-/jsesc-3.1.0.tgz attempt 3 failed with EACCES
384 http fetch GET https://registry.npmjs.org/gensync/-/gensync-1.0.0-beta.2.tgz attempt 3 failed with EACCES
385 http fetch GET https://registry.npmjs.org/jiti/-/jiti-2.7.0.tgz attempt 3 failed with EACCES
386 http fetch GET https://registry.npmjs.org/graceful-fs/-/graceful-fs-4.2.11.tgz attempt 3 failed with EACCES
387 http fetch GET https://registry.npmjs.org/fdir/-/fdir-6.5.0.tgz attempt 3 failed with EACCES
388 http fetch GET https://registry.npmjs.org/escalade/-/escalade-3.2.0.tgz attempt 3 failed with EACCES
389 http fetch GET https://registry.npmjs.org/esbuild/-/esbuild-0.25.12.tgz attempt 3 failed with EACCES
390 http fetch GET https://registry.npmjs.org/enhanced-resolve/-/enhanced-resolve-5.24.5.tgz attempt 3 failed with EACCES
391 http fetch GET https://registry.npmjs.org/electron-to-chromium/-/electron-to-chromium-1.5.420.tgz attempt 3 failed with EACCES
392 http fetch GET https://registry.npmjs.org/detect-libc/-/detect-libc-2.1.2.tgz attempt 3 failed with EACCES
393 http fetch GET https://registry.npmjs.org/debug/-/debug-4.4.3.tgz attempt 3 failed with EACCES
394 http fetch GET https://registry.npmjs.org/cookie/-/cookie-1.1.1.tgz attempt 3 failed with EACCES
395 http fetch GET https://registry.npmjs.org/convert-source-map/-/convert-source-map-2.0.0.tgz attempt 3 failed with EACCES
396 http fetch GET https://registry.npmjs.org/caniuse-lite/-/caniuse-lite-1.0.30001810.tgz attempt 3 failed with EACCES
397 http fetch GET https://registry.npmjs.org/@vitejs/plugin-react/-/plugin-react-4.7.0.tgz attempt 3 failed with EACCES
398 http fetch GET https://registry.npmjs.org/browserslist/-/browserslist-4.28.8.tgz attempt 3 failed with EACCES
399 http fetch GET https://registry.npmjs.org/baseline-browser-mapping/-/baseline-browser-mapping-2.11.20.tgz attempt 3 failed with EACCES
400 http fetch GET https://registry.npmjs.org/@types/estree/-/estree-1.0.9.tgz attempt 3 failed with EACCES
401 http fetch GET https://registry.npmjs.org/@types/babel__traverse/-/babel__traverse-7.28.0.tgz attempt 3 failed with EACCES
402 http fetch GET https://registry.npmjs.org/@types/babel__template/-/babel__template-7.4.4.tgz attempt 3 failed with EACCES
403 http fetch GET https://registry.npmjs.org/@types/babel__core/-/babel__core-7.20.5.tgz attempt 3 failed with EACCES
404 http fetch GET https://registry.npmjs.org/@types/babel__generator/-/babel__generator-7.27.0.tgz attempt 3 failed with EACCES
405 http fetch GET https://registry.npmjs.org/@rollup/rollup-win32-x64-msvc/-/rollup-win32-x64-msvc-4.63.1.tgz attempt 3 failed with EACCES
406 verbose reify failed optional dependency C:\Users\v_thi\OneDrive\Desktop\Medikiosk\medikiosk-frontend\node_modules\@rollup\rollup-win32-x64-msvc
407 silly reify mark deleted [
407 silly reify   'C:\\Users\\v_thi\\OneDrive\\Desktop\\Medikiosk\\medikiosk-frontend\\node_modules\\@rollup\\rollup-win32-x64-msvc'
407 silly reify ]
408 http fetch GET https://registry.npmjs.org/@tailwindcss/node/-/node-4.3.3.tgz attempt 3 failed with EACCES
409 http fetch GET https://registry.npmjs.org/@tailwindcss/vite/-/vite-4.3.3.tgz attempt 3 failed with EACCES
410 http fetch GET https://registry.npmjs.org/@tailwindcss/oxide-win32-x64-msvc/-/oxide-win32-x64-msvc-4.3.3.tgz attempt 3 failed with EACCES
411 verbose reify failed optional dependency C:\Users\v_thi\OneDrive\Desktop\Medikiosk\medikiosk-frontend\node_modules\@tailwindcss\oxide-win32-x64-msvc
412 silly reify mark deleted [
412 silly reify   'C:\\Users\\v_thi\\OneDrive\\Desktop\\Medikiosk\\medikiosk-frontend\\node_modules\\@tailwindcss\\oxide-win32-x64-msvc'
412 silly reify ]
413 http fetch GET https://registry.npmjs.org/@rollup/rollup-win32-x64-gnu/-/rollup-win32-x64-gnu-4.63.1.tgz attempt 3 failed with EACCES
414 verbose reify failed optional dependency C:\Users\v_thi\OneDrive\Desktop\Medikiosk\medikiosk-frontend\node_modules\@rollup\rollup-win32-x64-gnu
415 silly reify mark deleted [
415 silly reify   'C:\\Users\\v_thi\\OneDrive\\Desktop\\Medikiosk\\medikiosk-frontend\\node_modules\\@rollup\\rollup-win32-x64-gnu'
415 silly reify ]
416 http fetch GET https://registry.npmjs.org/@tailwindcss/oxide/-/oxide-4.3.3.tgz attempt 3 failed with EACCES
417 http fetch GET https://registry.npmjs.org/@rolldown/pluginutils/-/pluginutils-1.0.0-beta.27.tgz attempt 3 failed with EACCES
418 http fetch GET https://registry.npmjs.org/@jridgewell/trace-mapping/-/trace-mapping-0.3.31.tgz attempt 3 failed with EACCES
419 http fetch GET https://registry.npmjs.org/@jridgewell/remapping/-/remapping-2.3.5.tgz attempt 3 failed with EACCES
420 http fetch GET https://registry.npmjs.org/@jridgewell/gen-mapping/-/gen-mapping-0.3.13.tgz attempt 3 failed with EACCES
421 http fetch GET https://registry.npmjs.org/@jridgewell/sourcemap-codec/-/sourcemap-codec-1.6.0.tgz attempt 3 failed with EACCES
422 http fetch GET https://registry.npmjs.org/@esbuild/win32-x64/-/win32-x64-0.25.12.tgz attempt 3 failed with EACCES
423 verbose reify failed optional dependency C:\Users\v_thi\OneDrive\Desktop\Medikiosk\medikiosk-frontend\node_modules\@esbuild\win32-x64
424 silly reify mark deleted [
424 silly reify   'C:\\Users\\v_thi\\OneDrive\\Desktop\\Medikiosk\\medikiosk-frontend\\node_modules\\@esbuild\\win32-x64'
424 silly reify ]
425 http fetch GET https://registry.npmjs.org/@jridgewell/resolve-uri/-/resolve-uri-3.1.2.tgz attempt 3 failed with EACCES
426 http fetch GET https://registry.npmjs.org/@babel/template/-/template-7.29.7.tgz attempt 3 failed with EACCES
427 http fetch GET https://registry.npmjs.org/@babel/traverse/-/traverse-7.29.8.tgz attempt 3 failed with EACCES
428 http fetch GET https://registry.npmjs.org/@babel/parser/-/parser-7.29.8.tgz attempt 3 failed with EACCES
429 http fetch GET https://registry.npmjs.org/@babel/types/-/types-7.29.8.tgz attempt 3 failed with EACCES
430 http fetch GET https://registry.npmjs.org/@babel/plugin-transform-react-jsx-self/-/plugin-transform-react-jsx-self-7.29.7.tgz attempt 3 failed with EACCES
431 http fetch GET https://registry.npmjs.org/@babel/helpers/-/helpers-7.29.7.tgz attempt 3 failed with EACCES
432 http fetch GET https://registry.npmjs.org/@babel/helper-validator-identifier/-/helper-validator-identifier-7.29.7.tgz attempt 3 failed with EACCES
433 http fetch GET https://registry.npmjs.org/@babel/plugin-transform-react-jsx-source/-/plugin-transform-react-jsx-source-7.29.7.tgz attempt 3 failed with EACCES
434 http fetch GET https://registry.npmjs.org/@babel/helper-validator-option/-/helper-validator-option-7.29.7.tgz attempt 3 failed with EACCES
435 http fetch GET https://registry.npmjs.org/@babel/helper-plugin-utils/-/helper-plugin-utils-7.29.7.tgz attempt 3 failed with EACCES
436 http fetch GET https://registry.npmjs.org/@babel/helper-string-parser/-/helper-string-parser-7.29.7.tgz attempt 3 failed with EACCES
437 http fetch GET https://registry.npmjs.org/@babel/helper-globals/-/helper-globals-7.29.7.tgz attempt 3 failed with EACCES
438 http fetch GET https://registry.npmjs.org/@babel/generator/-/generator-7.29.8.tgz attempt 3 failed with EACCES
439 http fetch GET https://registry.npmjs.org/@babel/helper-module-imports/-/helper-module-imports-7.29.7.tgz attempt 3 failed with EACCES
440 http fetch GET https://registry.npmjs.org/@babel/helper-compilation-targets/-/helper-compilation-targets-7.29.7.tgz attempt 3 failed with EACCES
441 http fetch GET https://registry.npmjs.org/@babel/core/-/core-7.29.7.tgz attempt 3 failed with EACCES
442 http fetch GET https://registry.npmjs.org/@babel/helper-module-transforms/-/helper-module-transforms-7.29.7.tgz attempt 3 failed with EACCES
443 http fetch GET https://registry.npmjs.org/@babel/compat-data/-/compat-data-7.29.7.tgz attempt 3 failed with EACCES
444 http fetch GET https://registry.npmjs.org/@babel/code-frame/-/code-frame-7.29.7.tgz attempt 3 failed with EACCES
445 warn cleanup Failed to remove some directories [
445 warn cleanup   [
445 warn cleanup     '\\\\?\\C:\\Users\\v_thi\\OneDrive\\Desktop\\Medikiosk\\medikiosk-frontend\\node_modules\\react-icons',
445 warn cleanup     [Error: ENOTEMPTY: directory not empty, rmdir 'C:\Users\v_thi\OneDrive\Desktop\Medikiosk\medikiosk-frontend\node_modules\react-icons\go'] {
445 warn cleanup       errno: -4051,
445 warn cleanup       code: 'ENOTEMPTY',
445 warn cleanup       syscall: 'rmdir',
445 warn cleanup       path: 'C:\\Users\\v_thi\\OneDrive\\Desktop\\Medikiosk\\medikiosk-frontend\\node_modules\\react-icons\\go'
445 warn cleanup     }
445 warn cleanup   ]
445 warn cleanup ]
446 verbose type system
447 verbose stack FetchError: request to https://registry.npmjs.org/yallist/-/yallist-3.1.1.tgz failed, reason: 
447 verbose stack     at ClientRequest.<anonymous> (C:\Program Files\nodejs\node_modules\npm\node_modules\minipass-fetch\lib\index.js:130:14)
447 verbose stack     at ClientRequest.emit (node:events:509:28)
447 verbose stack     at emitErrorEvent (node:_http_client:112:11)
447 verbose stack     at _destroy (node:_http_client:1144:9)
447 verbose stack     at onSocketNT (node:_http_client:1165:5)
447 verbose stack     at process.processTicksAndRejections (node:internal/process/task_queues:91:21)
448 error code EACCES
449 error errno EACCES
450 error FetchError: request to https://registry.npmjs.org/yallist/-/yallist-3.1.1.tgz failed, reason: 
450 error     at ClientRequest.<anonymous> (C:\Program Files\nodejs\node_modules\npm\node_modules\minipass-fetch\lib\index.js:130:14)
450 error     at ClientRequest.emit (node:events:509:28)
450 error     at emitErrorEvent (node:_http_client:112:11)
450 error     at _destroy (node:_http_client:1144:9)
450 error     at onSocketNT (node:_http_client:1165:5)
450 error     at process.processTicksAndRejections (node:internal/process/task_queues:91:21) {
450 error   code: 'EACCES',
450 error   errno: 'EACCES',
450 error   type: 'system'
450 error }
451 error
451 error The operation was rejected by your operating system.
451 error It's possible that the file was already in use (by a text editor or antivirus), or that you lack permissions to access it.
451 error
451 error If you believe this might be a permissions issue, please double-check the permissions of the file and its containing directories, or try running the command again as root/Administrator.
452 silly unfinished npm timer reify 1788380360953
453 silly unfinished npm timer reify:unpack 1788380360997
454 silly unfinished npm timer reifyNode:node_modules/yallist 1788380360997
455 silly unfinished npm timer reifyNode:node_modules/vite 1788380360997
456 silly unfinished npm timer reifyNode:node_modules/update-browserslist-db 1788380360997
457 silly unfinished npm timer reifyNode:node_modules/tinyglobby 1788380360997
458 silly unfinished npm timer reifyNode:node_modules/tapable 1788380360997
459 silly unfinished npm timer reifyNode:node_modules/tailwindcss 1788380360997
460 silly unfinished npm timer reifyNode:node_modules/source-map-js 1788380360997
461 silly unfinished npm timer reifyNode:node_modules/set-cookie-parser 1788380360997
462 silly unfinished npm timer reifyNode:node_modules/semver 1788380360997
463 silly unfinished npm timer reifyNode:node_modules/scheduler 1788380360997
464 silly unfinished npm timer reifyNode:node_modules/rollup 1788380360997
465 silly unfinished npm timer reifyNode:node_modules/react-router-dom 1788380360997
466 silly unfinished npm timer reifyNode:node_modules/react-router 1788380360997
467 silly unfinished npm timer reifyNode:node_modules/react-refresh 1788380360997
468 silly unfinished npm timer reifyNode:node_modules/react-icons 1788380360997
469 silly unfinished npm timer reifyNode:node_modules/react-dom 1788380360997
470 silly unfinished npm timer reifyNode:node_modules/react 1788380360997
471 silly unfinished npm timer reifyNode:node_modules/postcss 1788380360997
472 silly unfinished npm timer reifyNode:node_modules/picomatch 1788380360997
473 silly unfinished npm timer reifyNode:node_modules/picocolors 1788380360997
474 silly unfinished npm timer reifyNode:node_modules/node-releases 1788380360997
475 silly unfinished npm timer reifyNode:node_modules/nanoid 1788380360997
476 silly unfinished npm timer reifyNode:node_modules/ms 1788380360997
477 silly unfinished npm timer reifyNode:node_modules/magic-string 1788380360997
478 silly unfinished npm timer reifyNode:node_modules/lru-cache 1788380360997
479 silly unfinished npm timer reifyNode:node_modules/lightningcss 1788380360997
480 silly unfinished npm timer reifyNode:node_modules/json5 1788380360997
481 silly unfinished npm timer reifyNode:node_modules/jsesc 1788380360997
482 silly unfinished npm timer reifyNode:node_modules/js-tokens 1788380360997
483 silly unfinished npm timer reifyNode:node_modules/jiti 1788380360997
484 silly unfinished npm timer reifyNode:node_modules/graceful-fs 1788380360997
485 silly unfinished npm timer reifyNode:node_modules/gensync 1788380360997
486 silly unfinished npm timer reifyNode:node_modules/fdir 1788380360997
487 silly unfinished npm timer reifyNode:node_modules/escalade 1788380360997
488 silly unfinished npm timer reifyNode:node_modules/esbuild 1788380360997
489 silly unfinished npm timer reifyNode:node_modules/enhanced-resolve 1788380360997
490 silly unfinished npm timer reifyNode:node_modules/electron-to-chromium 1788380360997
491 silly unfinished npm timer reifyNode:node_modules/detect-libc 1788380360997
492 silly unfinished npm timer reifyNode:node_modules/debug 1788380360997
493 silly unfinished npm timer reifyNode:node_modules/cookie 1788380360997
494 silly unfinished npm timer reifyNode:node_modules/convert-source-map 1788380360997
495 silly unfinished npm timer reifyNode:node_modules/caniuse-lite 1788380360997
496 silly unfinished npm timer reifyNode:node_modules/browserslist 1788380360997
497 silly unfinished npm timer reifyNode:node_modules/baseline-browser-mapping 1788380360997
498 silly unfinished npm timer reifyNode:node_modules/@vitejs/plugin-react 1788380360997
499 silly unfinished npm timer reifyNode:node_modules/@types/estree 1788380360997
500 silly unfinished npm timer reifyNode:node_modules/@types/babel__traverse 1788380360997
501 silly unfinished npm timer reifyNode:node_modules/@types/babel__template 1788380360997
502 silly unfinished npm timer reifyNode:node_modules/@types/babel__generator 1788380360997
503 silly unfinished npm timer reifyNode:node_modules/@types/babel__core 1788380360997
504 silly unfinished npm timer reifyNode:node_modules/@tailwindcss/vite 1788380360997
505 silly unfinished npm timer reifyNode:node_modules/@tailwindcss/oxide 1788380360997
506 silly unfinished npm timer reifyNode:node_modules/@tailwindcss/node 1788380360997
507 silly unfinished npm timer reifyNode:node_modules/@rolldown/pluginutils 1788380360998
508 silly unfinished npm timer reifyNode:node_modules/@jridgewell/trace-mapping 1788380360998
509 silly unfinished npm timer reifyNode:node_modules/@jridgewell/sourcemap-codec 1788380360998
510 silly unfinished npm timer reifyNode:node_modules/@jridgewell/resolve-uri 1788380360998
511 silly unfinished npm timer reifyNode:node_modules/@jridgewell/remapping 1788380360998
512 silly unfinished npm timer reifyNode:node_modules/@jridgewell/gen-mapping 1788380360998
513 silly unfinished npm timer reifyNode:node_modules/@babel/types 1788380360998
514 silly unfinished npm timer reifyNode:node_modules/@babel/traverse 1788380360998
515 silly unfinished npm timer reifyNode:node_modules/@babel/template 1788380360998
516 silly unfinished npm timer reifyNode:node_modules/@babel/plugin-transform-react-jsx-source 1788380360998
517 silly unfinished npm timer reifyNode:node_modules/@babel/plugin-transform-react-jsx-self 1788380360998
518 silly unfinished npm timer reifyNode:node_modules/@babel/parser 1788380360998
519 silly unfinished npm timer reifyNode:node_modules/@babel/helpers 1788380360998
520 silly unfinished npm timer reifyNode:node_modules/@babel/helper-validator-option 1788380360998
521 silly unfinished npm timer reifyNode:node_modules/@babel/helper-validator-identifier 1788380360998
522 silly unfinished npm timer reifyNode:node_modules/@babel/helper-string-parser 1788380360998
523 silly unfinished npm timer reifyNode:node_modules/@babel/helper-plugin-utils 1788380360998
524 silly unfinished npm timer reifyNode:node_modules/@babel/helper-module-transforms 1788380360998
525 silly unfinished npm timer reifyNode:node_modules/@babel/helper-module-imports 1788380360998
526 silly unfinished npm timer reifyNode:node_modules/@babel/helper-globals 1788380360998
527 silly unfinished npm timer reifyNode:node_modules/@babel/helper-compilation-targets 1788380360998
528 silly unfinished npm timer reifyNode:node_modules/@babel/generator 1788380360998
529 silly unfinished npm timer reifyNode:node_modules/@babel/core 1788380360998
530 silly unfinished npm timer reifyNode:node_modules/@babel/compat-data 1788380360998
531 silly unfinished npm timer reifyNode:node_modules/@babel/code-frame 1788380360998
532 verbose cwd C:\Users\v_thi\OneDrive\Desktop\Medikiosk\medikiosk-frontend
533 verbose os Windows_NT 10.0.26200
534 verbose node v24.19.0
535 verbose npm  v11.17.0
536 verbose exit 1
537 verbose code 1
538 error A complete log of this run can be found in: C:\Users\v_thi\OneDrive\Desktop\Medikiosk\medikiosk-frontend\.npm-cache\_logs\2026-09-02T20_19_20_358Z-debug-0.log
